// Jest Snapshot v1, https://goo.gl/fbAQLP

exports[`<Player/> renders the <Player/> with a video 1`] = `
<div
  class="player__Container-sc-17ms7ry-0"
>
  <button
    class="player__Button-sc-17ms7ry-4 fccFaM"
  >
    Play
  </button>
</div>
`;
